  CREATE_STREAM @80.0 [NAME:vseq0 T:Transactions SCOPE:uvm_test_top.env.vseqr STREAM:944]
  CREATE_STREAM @80.0 [NAME:cfg_seq T:Transactions SCOPE:uvm_test_top.env.reg_agent.sequencer STREAM:958]
  CREATE_STREAM @165.0 [NAME:tx_seq T:Transactions SCOPE:uvm_test_top.env.reg_agent.sequencer STREAM:1070]
  CREATE_STREAM @165.0 [NAME:rx_seq T:Transactions SCOPE:uvm_test_top.env.rx_agent.sequencer STREAM:1072]
  CREATE_STREAM @7200.0 [NAME:drain_seq T:Transactions SCOPE:uvm_test_top.env.reg_agent.sequencer STREAM:1410]
  CREATE_STREAM @18540.0 [NAME:vseq1 T:Transactions SCOPE:uvm_test_top.env.vseqr STREAM:1598]
  CREATE_STREAM @38760.0 [NAME:vseq2 T:Transactions SCOPE:uvm_test_top.env.vseqr STREAM:2232]
  CREATE_STREAM @80.0 [NAME:vseq0 T:Transactions SCOPE:uvm_test_top.env.vseqr STREAM:944]
  CREATE_STREAM @80.0 [NAME:cfg_seq T:Transactions SCOPE:uvm_test_top.env.reg_agent.sequencer STREAM:958]
  CREATE_STREAM @165.0 [NAME:tx_seq T:Transactions SCOPE:uvm_test_top.env.reg_agent.sequencer STREAM:1070]
  CREATE_STREAM @165.0 [NAME:rx_seq T:Transactions SCOPE:uvm_test_top.env.rx_agent.sequencer STREAM:1072]
  CREATE_STREAM @7200.0 [NAME:drain_seq T:Transactions SCOPE:uvm_test_top.env.reg_agent.sequencer STREAM:1410]
  CREATE_STREAM @18540.0 [NAME:vseq1 T:Transactions SCOPE:uvm_test_top.env.vseqr STREAM:1598]
  CREATE_STREAM @38760.0 [NAME:vseq2 T:Transactions SCOPE:uvm_test_top.env.vseqr STREAM:2232]
  CREATE_STREAM @80.0 [NAME:vseq0 T:Transactions SCOPE:uvm_test_top.env.vseqr STREAM:944]
  CREATE_STREAM @80.0 [NAME:cfg_seq T:Transactions SCOPE:uvm_test_top.env.reg_agent.sequencer STREAM:958]
  CREATE_STREAM @165.0 [NAME:tx_seq T:Transactions SCOPE:uvm_test_top.env.reg_agent.sequencer STREAM:1070]
  CREATE_STREAM @165.0 [NAME:rx_seq T:Transactions SCOPE:uvm_test_top.env.rx_agent.sequencer STREAM:1072]
  CREATE_STREAM @7200.0 [NAME:drain_seq T:Transactions SCOPE:uvm_test_top.env.reg_agent.sequencer STREAM:1410]
  CREATE_STREAM @18540.0 [NAME:vseq1 T:Transactions SCOPE:uvm_test_top.env.vseqr STREAM:1598]
  CREATE_STREAM @38760.0 [NAME:vseq2 T:Transactions SCOPE:uvm_test_top.env.vseqr STREAM:2232]
  CREATE_STREAM @80.0 [NAME:vseq0 T:Transactions SCOPE:uvm_test_top.env.vseqr STREAM:944]
  CREATE_STREAM @80.0 [NAME:cfg_seq T:Transactions SCOPE:uvm_test_top.env.reg_agent.sequencer STREAM:958]
  CREATE_STREAM @165.0 [NAME:tx_seq T:Transactions SCOPE:uvm_test_top.env.reg_agent.sequencer STREAM:1070]
  CREATE_STREAM @165.0 [NAME:rx_seq T:Transactions SCOPE:uvm_test_top.env.rx_agent.sequencer STREAM:1072]
  CREATE_STREAM @7200.0 [NAME:drain_seq T:Transactions SCOPE:uvm_test_top.env.reg_agent.sequencer STREAM:1410]
  CREATE_STREAM @18540.0 [NAME:vseq1 T:Transactions SCOPE:uvm_test_top.env.vseqr STREAM:1598]
  CREATE_STREAM @38760.0 [NAME:vseq2 T:Transactions SCOPE:uvm_test_top.env.vseqr STREAM:2232]
  CREATE_STREAM @80.0 [NAME:vseq0 T:Transactions SCOPE:uvm_test_top.env.vseqr STREAM:944]
  CREATE_STREAM @80.0 [NAME:cfg_seq T:Transactions SCOPE:uvm_test_top.env.reg_agent.sequencer STREAM:958]
  CREATE_STREAM @165.0 [NAME:tx_seq T:Transactions SCOPE:uvm_test_top.env.reg_agent.sequencer STREAM:1070]
  CREATE_STREAM @165.0 [NAME:rx_seq T:Transactions SCOPE:uvm_test_top.env.rx_agent.sequencer STREAM:1072]
  CREATE_STREAM @7200.0 [NAME:drain_seq T:Transactions SCOPE:uvm_test_top.env.reg_agent.sequencer STREAM:1410]
  CREATE_STREAM @18540.0 [NAME:vseq1 T:Transactions SCOPE:uvm_test_top.env.vseqr STREAM:1598]
  CREATE_STREAM @38760.0 [NAME:vseq2 T:Transactions SCOPE:uvm_test_top.env.vseqr STREAM:2232]
  CREATE_STREAM @80.0 [NAME:vseq0 T:Transactions SCOPE:uvm_test_top.env.vseqr STREAM:944]
  CREATE_STREAM @80.0 [NAME:cfg_seq T:Transactions SCOPE:uvm_test_top.env.reg_agent.sequencer STREAM:958]
  CREATE_STREAM @165.0 [NAME:tx_seq T:Transactions SCOPE:uvm_test_top.env.reg_agent.sequencer STREAM:1070]
  CREATE_STREAM @165.0 [NAME:rx_seq T:Transactions SCOPE:uvm_test_top.env.rx_agent.sequencer STREAM:1072]
  CREATE_STREAM @7200.0 [NAME:drain_seq T:Transactions SCOPE:uvm_test_top.env.reg_agent.sequencer STREAM:1410]
  CREATE_STREAM @18540.0 [NAME:vseq1 T:Transactions SCOPE:uvm_test_top.env.vseqr STREAM:1598]
  CREATE_STREAM @38760.0 [NAME:vseq2 T:Transactions SCOPE:uvm_test_top.env.vseqr STREAM:2232]
  CREATE_STREAM @80.0 [NAME:vseq0 T:Transactions SCOPE:uvm_test_top.env.vseqr STREAM:944]
  CREATE_STREAM @80.0 [NAME:cfg_seq T:Transactions SCOPE:uvm_test_top.env.reg_agent.sequencer STREAM:958]
  CREATE_STREAM @165.0 [NAME:tx_seq T:Transactions SCOPE:uvm_test_top.env.reg_agent.sequencer STREAM:1070]
  CREATE_STREAM @165.0 [NAME:rx_seq T:Transactions SCOPE:uvm_test_top.env.rx_agent.sequencer STREAM:1072]
  CREATE_STREAM @7200.0 [NAME:drain_seq T:Transactions SCOPE:uvm_test_top.env.reg_agent.sequencer STREAM:1410]
  CREATE_STREAM @18540.0 [NAME:vseq1 T:Transactions SCOPE:uvm_test_top.env.vseqr STREAM:1598]
  CREATE_STREAM @38760.0 [NAME:vseq2 T:Transactions SCOPE:uvm_test_top.env.vseqr STREAM:2232]
  CREATE_STREAM @80.0 [NAME:vseq0 T:Transactions SCOPE:uvm_test_top.env.vseqr STREAM:944]
  CREATE_STREAM @80.0 [NAME:cfg_seq T:Transactions SCOPE:uvm_test_top.env.reg_agent.sequencer STREAM:958]
  CREATE_STREAM @165.0 [NAME:tx_seq T:Transactions SCOPE:uvm_test_top.env.reg_agent.sequencer STREAM:1070]
  CREATE_STREAM @165.0 [NAME:rx_seq T:Transactions SCOPE:uvm_test_top.env.rx_agent.sequencer STREAM:1072]
  CREATE_STREAM @7200.0 [NAME:drain_seq T:Transactions SCOPE:uvm_test_top.env.reg_agent.sequencer STREAM:1410]
  CREATE_STREAM @18570.0 [NAME:vseq1 T:Transactions SCOPE:uvm_test_top.env.vseqr STREAM:1632]
  CREATE_STREAM @38820.0 [NAME:vseq2 T:Transactions SCOPE:uvm_test_top.env.vseqr STREAM:2300]
